// Jest Snapshot v1, https://goo.gl/fbAQLP

exports[`Async API points Statement.columns 1`] = `
[
  {
    "name": "bool",
    "type": {
      "id": "BOOLEAN",
      "sql_type": "BOOLEAN",
    },
  },
  {
    "name": "tinyint",
    "type": {
      "id": "TINYINT",
      "sql_type": "TINYINT",
    },
  },
  {
    "name": "smallint",
    "type": {
      "id": "SMALLINT",
      "sql_type": "SMALLINT",
    },
  },
  {
    "name": "int",
    "type": {
      "id": "INTEGER",
      "sql_type": "INTEGER",
    },
  },
  {
    "name": "bigint",
    "type": {
      "id": "BIGINT",
      "sql_type": "BIGINT",
    },
  },
  {
    "name": "hugeint",
    "type": {
      "id": "HUGEINT",
      "sql_type": "HUGEINT",
    },
  },
  {
    "name": "uhugeint",
    "type": {
      "id": "UHUGEINT",
      "sql_type": "UHUGEINT",
    },
  },
  {
    "name": "utinyint",
    "type": {
      "id": "UTINYINT",
      "sql_type": "UTINYINT",
    },
  },
  {
    "name": "usmallint",
    "type": {
      "id": "USMALLINT",
      "sql_type": "USMALLINT",
    },
  },
  {
    "name": "uint",
    "type": {
      "id": "UINTEGER",
      "sql_type": "UINTEGER",
    },
  },
  {
    "name": "ubigint",
    "type": {
      "id": "UBIGINT",
      "sql_type": "UBIGINT",
    },
  },
  {
    "name": "varint",
    "type": {
      "id": "VARINT",
      "sql_type": "VARINT",
    },
  },
  {
    "name": "date",
    "type": {
      "id": "DATE",
      "sql_type": "DATE",
    },
  },
  {
    "name": "time",
    "type": {
      "id": "TIME",
      "sql_type": "TIME",
    },
  },
  {
    "name": "timestamp",
    "type": {
      "id": "TIMESTAMP",
      "sql_type": "TIMESTAMP",
    },
  },
  {
    "name": "timestamp_s",
    "type": {
      "id": "TIMESTAMP_S",
      "sql_type": "TIMESTAMP_S",
    },
  },
  {
    "name": "timestamp_ms",
    "type": {
      "id": "TIMESTAMP_MS",
      "sql_type": "TIMESTAMP_MS",
    },
  },
  {
    "name": "timestamp_ns",
    "type": {
      "id": "TIMESTAMP_NS",
      "sql_type": "TIMESTAMP_NS",
    },
  },
  {
    "name": "time_tz",
    "type": {
      "id": "TIME WITH TIME ZONE",
      "sql_type": "TIME WITH TIME ZONE",
    },
  },
  {
    "name": "timestamp_tz",
    "type": {
      "id": "TIMESTAMP WITH TIME ZONE",
      "sql_type": "TIMESTAMP WITH TIME ZONE",
    },
  },
  {
    "name": "float",
    "type": {
      "id": "FLOAT",
      "sql_type": "FLOAT",
    },
  },
  {
    "name": "double",
    "type": {
      "id": "DOUBLE",
      "sql_type": "DOUBLE",
    },
  },
  {
    "name": "dec_4_1",
    "type": {
      "id": "DECIMAL",
      "scale": 1,
      "sql_type": "DECIMAL(4,1)",
      "width": 4,
    },
  },
  {
    "name": "dec_9_4",
    "type": {
      "id": "DECIMAL",
      "scale": 4,
      "sql_type": "DECIMAL(9,4)",
      "width": 9,
    },
  },
  {
    "name": "dec_18_6",
    "type": {
      "id": "DECIMAL",
      "scale": 6,
      "sql_type": "DECIMAL(18,6)",
      "width": 18,
    },
  },
  {
    "name": "dec38_10",
    "type": {
      "id": "DECIMAL",
      "scale": 10,
      "sql_type": "DECIMAL(38,10)",
      "width": 38,
    },
  },
  {
    "name": "uuid",
    "type": {
      "id": "UUID",
      "sql_type": "UUID",
    },
  },
  {
    "name": "interval",
    "type": {
      "id": "INTERVAL",
      "sql_type": "INTERVAL",
    },
  },
  {
    "name": "varchar",
    "type": {
      "id": "VARCHAR",
      "sql_type": "VARCHAR",
    },
  },
  {
    "name": "blob",
    "type": {
      "id": "BLOB",
      "sql_type": "BLOB",
    },
  },
  {
    "name": "bit",
    "type": {
      "id": "BIT",
      "sql_type": "BIT",
    },
  },
  {
    "name": "small_enum",
    "type": {
      "id": "ENUM",
      "sql_type": "ENUM('DUCK_DUCK_ENUM', 'GOOSE')",
      "values": [
        "DUCK_DUCK_ENUM",
        "GOOSE",
      ],
    },
  },
  {
    "name": "int_array",
    "type": {
      "child": {
        "id": "INTEGER",
        "sql_type": "INTEGER",
      },
      "id": "LIST",
      "sql_type": "INTEGER[]",
    },
  },
  {
    "name": "double_array",
    "type": {
      "child": {
        "id": "DOUBLE",
        "sql_type": "DOUBLE",
      },
      "id": "LIST",
      "sql_type": "DOUBLE[]",
    },
  },
  {
    "name": "date_array",
    "type": {
      "child": {
        "id": "DATE",
        "sql_type": "DATE",
      },
      "id": "LIST",
      "sql_type": "DATE[]",
    },
  },
  {
    "name": "timestamp_array",
    "type": {
      "child": {
        "id": "TIMESTAMP",
        "sql_type": "TIMESTAMP",
      },
      "id": "LIST",
      "sql_type": "TIMESTAMP[]",
    },
  },
  {
    "name": "timestamptz_array",
    "type": {
      "child": {
        "id": "TIMESTAMP WITH TIME ZONE",
        "sql_type": "TIMESTAMP WITH TIME ZONE",
      },
      "id": "LIST",
      "sql_type": "TIMESTAMP WITH TIME ZONE[]",
    },
  },
  {
    "name": "varchar_array",
    "type": {
      "child": {
        "id": "VARCHAR",
        "sql_type": "VARCHAR",
      },
      "id": "LIST",
      "sql_type": "VARCHAR[]",
    },
  },
  {
    "name": "nested_int_array",
    "type": {
      "child": {
        "child": {
          "id": "INTEGER",
          "sql_type": "INTEGER",
        },
        "id": "LIST",
        "sql_type": "INTEGER[]",
      },
      "id": "LIST",
      "sql_type": "INTEGER[][]",
    },
  },
  {
    "name": "struct",
    "type": {
      "children": [
        {
          "name": "a",
          "type": {
            "id": "INTEGER",
            "sql_type": "INTEGER",
          },
        },
        {
          "name": "b",
          "type": {
            "id": "VARCHAR",
            "sql_type": "VARCHAR",
          },
        },
      ],
      "id": "STRUCT",
      "sql_type": "STRUCT(a INTEGER, b VARCHAR)",
    },
  },
  {
    "name": "struct_of_arrays",
    "type": {
      "children": [
        {
          "name": "a",
          "type": {
            "child": {
              "id": "INTEGER",
              "sql_type": "INTEGER",
            },
            "id": "LIST",
            "sql_type": "INTEGER[]",
          },
        },
        {
          "name": "b",
          "type": {
            "child": {
              "id": "VARCHAR",
              "sql_type": "VARCHAR",
            },
            "id": "LIST",
            "sql_type": "VARCHAR[]",
          },
        },
      ],
      "id": "STRUCT",
      "sql_type": "STRUCT(a INTEGER[], b VARCHAR[])",
    },
  },
  {
    "name": "array_of_structs",
    "type": {
      "child": {
        "children": [
          {
            "name": "a",
            "type": {
              "id": "INTEGER",
              "sql_type": "INTEGER",
            },
          },
          {
            "name": "b",
            "type": {
              "id": "VARCHAR",
              "sql_type": "VARCHAR",
            },
          },
        ],
        "id": "STRUCT",
        "sql_type": "STRUCT(a INTEGER, b VARCHAR)",
      },
      "id": "LIST",
      "sql_type": "STRUCT(a INTEGER, b VARCHAR)[]",
    },
  },
  {
    "name": "map",
    "type": {
      "id": "MAP",
      "key": {
        "id": "VARCHAR",
        "sql_type": "VARCHAR",
      },
      "sql_type": "MAP(VARCHAR, VARCHAR)",
      "value": {
        "id": "VARCHAR",
        "sql_type": "VARCHAR",
      },
    },
  },
  {
    "name": "union",
    "type": {
      "children": [
        {
          "name": "name",
          "type": {
            "id": "VARCHAR",
            "sql_type": "VARCHAR",
          },
        },
        {
          "name": "age",
          "type": {
            "id": "SMALLINT",
            "sql_type": "SMALLINT",
          },
        },
      ],
      "id": "UNION",
      "sql_type": "UNION("name" VARCHAR, age SMALLINT)",
    },
  },
  {
    "name": "fixed_int_array",
    "type": {
      "id": "ARRAY",
      "sql_type": "INTEGER[3]",
    },
  },
  {
    "name": "fixed_varchar_array",
    "type": {
      "id": "ARRAY",
      "sql_type": "VARCHAR[3]",
    },
  },
  {
    "name": "fixed_nested_int_array",
    "type": {
      "id": "ARRAY",
      "sql_type": "INTEGER[3][3]",
    },
  },
  {
    "name": "fixed_nested_varchar_array",
    "type": {
      "id": "ARRAY",
      "sql_type": "VARCHAR[3][3]",
    },
  },
  {
    "name": "fixed_struct_array",
    "type": {
      "id": "ARRAY",
      "sql_type": "STRUCT(a INTEGER, b VARCHAR)[3]",
    },
  },
  {
    "name": "struct_of_fixed_array",
    "type": {
      "children": [
        {
          "name": "a",
          "type": {
            "id": "ARRAY",
            "sql_type": "INTEGER[3]",
          },
        },
        {
          "name": "b",
          "type": {
            "id": "ARRAY",
            "sql_type": "VARCHAR[3]",
          },
        },
      ],
      "id": "STRUCT",
      "sql_type": "STRUCT(a INTEGER[3], b VARCHAR[3])",
    },
  },
  {
    "name": "fixed_array_of_int_list",
    "type": {
      "id": "ARRAY",
      "sql_type": "INTEGER[][3]",
    },
  },
  {
    "name": "list_of_fixed_int_array",
    "type": {
      "child": {
        "id": "ARRAY",
        "sql_type": "INTEGER[3]",
      },
      "id": "LIST",
      "sql_type": "INTEGER[3][]",
    },
  },
]
`;
